MCP2515.c:232:13:SPI_Tx	16	static
MCP2515.c:244:16:SPI_Rx	16	static
MCP2515.c:19:6:MCP2515_Initialize	16	static
MCP2515.c:94:6:MCP2515_Reset	8	static
MCP2515.c:104:9:MCP2515_ReadByte	16	static
MCP2515.c:120:6:MCP2515_ReadRxSequence	24	static
MCP2515.c:131:6:MCP2515_WriteByte	16	static
MCP2515.c:37:6:MCP2515_SetConfigMode	8	static
MCP2515.c:56:6:MCP2515_SetNormalMode	8	static
MCP2515.c:75:6:MCP2515_SetSleepMode	8	static
MCP2515.c:143:6:MCP2515_WriteByteSequence	24	static
MCP2515.c:155:6:MCP2515_LoadTxSequence	24	static
MCP2515.c:168:6:MCP2515_LoadTxBuffer	16	static
MCP2515.c:179:6:MCP2515_RequestToSend	16	static
MCP2515.c:189:9:MCP2515_ReadStatus	16	static
MCP2515.c:204:9:MCP2515_GetRxStatus	16	static
MCP2515.c:219:6:MCP2515_BitModify	24	static
