MCP2515.c:238:13:SPI_Tx	16	static
MCP2515.c:250:16:SPI_Rx	16	static
MCP2515.c:25:6:MCP2515_Initialize	16	static
MCP2515.c:100:6:MCP2515_Reset	8	static
MCP2515.c:110:9:MCP2515_ReadByte	16	static
MCP2515.c:126:6:MCP2515_ReadRxSequence	24	static
MCP2515.c:137:6:MCP2515_WriteByte	16	static
MCP2515.c:43:6:MCP2515_SetConfigMode	8	static
MCP2515.c:62:6:MCP2515_SetNormalMode	8	static
MCP2515.c:81:6:MCP2515_SetSleepMode	8	static
MCP2515.c:149:6:MCP2515_WriteByteSequence	24	static
MCP2515.c:161:6:MCP2515_LoadTxSequence	24	static
MCP2515.c:174:6:MCP2515_LoadTxBuffer	16	static
MCP2515.c:185:6:MCP2515_RequestToSend	16	static
MCP2515.c:195:9:MCP2515_ReadStatus	16	static
MCP2515.c:210:9:MCP2515_GetRxStatus	16	static
MCP2515.c:225:6:MCP2515_BitModify	24	static
